Copyright 1986-2017 Xilinx, Inc. All Rights Reserved.
-----------------------------------------------------------------------------------------------------------------------------------------------------------------------
| Tool Version : Vivado v.2017.4 (win64) Build 2086221 Fri Dec 15 20:55:39 MST 2017
| Date         : Wed Jun 17 13:08:25 2020
| Host         : DESKTOP-263ISBT running 64-bit major release  (build 9200)
| Command      : report_methodology -file mcu_wrapper_methodology_drc_routed.rpt -pb mcu_wrapper_methodology_drc_routed.pb -rpx mcu_wrapper_methodology_drc_routed.rpx
| Design       : mcu_wrapper
| Device       : xc7z020clg484-1
| Speed File   : -1
| Design State : Routed
-----------------------------------------------------------------------------------------------------------------------------------------------------------------------

Report Methodology

Table of Contents
-----------------
1. REPORT SUMMARY
2. REPORT DETAILS

1. REPORT SUMMARY
-----------------
            Netlist: netlist
          Floorplan: design_1
      Design limits: <entire design considered>
             Max violations: <unlimited>
             Violations found: 55
+-----------+----------+-------------------------------+------------+
| Rule      | Severity | Description                   | Violations |
+-----------+----------+-------------------------------+------------+
| TIMING-18 | Warning  | Missing input or output delay | 23         |
| TIMING-20 | Warning  | Non-clocked latch             | 32         |
+-----------+----------+-------------------------------+------------+

2. REPORT DETAILS
-----------------
TIMING-18#1 Warning
Missing input or output delay  
An input delay is missing on push_sw_tri_i[0] relative to clock(s) clk_fpga_0
Related violations: <none>

TIMING-18#2 Warning
Missing input or output delay  
An input delay is missing on push_sw_tri_i[1] relative to clock(s) clk_fpga_0
Related violations: <none>

TIMING-18#3 Warning
Missing input or output delay  
An input delay is missing on push_sw_tri_i[2] relative to clock(s) clk_fpga_0
Related violations: <none>

TIMING-18#4 Warning
Missing input or output delay  
An input delay is missing on push_sw_tri_i[3] relative to clock(s) clk_fpga_0
Related violations: <none>

TIMING-18#5 Warning
Missing input or output delay  
An output delay is missing on lcd_tri_o[0] relative to clock(s) clk_fpga_0
Related violations: <none>

TIMING-18#6 Warning
Missing input or output delay  
An output delay is missing on lcd_tri_o[10] relative to clock(s) clk_fpga_0
Related violations: <none>

TIMING-18#7 Warning
Missing input or output delay  
An output delay is missing on lcd_tri_o[1] relative to clock(s) clk_fpga_0
Related violations: <none>

TIMING-18#8 Warning
Missing input or output delay  
An output delay is missing on lcd_tri_o[2] relative to clock(s) clk_fpga_0
Related violations: <none>

TIMING-18#9 Warning
Missing input or output delay  
An output delay is missing on lcd_tri_o[3] relative to clock(s) clk_fpga_0
Related violations: <none>

TIMING-18#10 Warning
Missing input or output delay  
An output delay is missing on lcd_tri_o[4] relative to clock(s) clk_fpga_0
Related violations: <none>

TIMING-18#11 Warning
Missing input or output delay  
An output delay is missing on lcd_tri_o[5] relative to clock(s) clk_fpga_0
Related violations: <none>

TIMING-18#12 Warning
Missing input or output delay  
An output delay is missing on lcd_tri_o[6] relative to clock(s) clk_fpga_0
Related violations: <none>

TIMING-18#13 Warning
Missing input or output delay  
An output delay is missing on lcd_tri_o[7] relative to clock(s) clk_fpga_0
Related violations: <none>

TIMING-18#14 Warning
Missing input or output delay  
An output delay is missing on lcd_tri_o[8] relative to clock(s) clk_fpga_0
Related violations: <none>

TIMING-18#15 Warning
Missing input or output delay  
An output delay is missing on lcd_tri_o[9] relative to clock(s) clk_fpga_0
Related violations: <none>

TIMING-18#16 Warning
Missing input or output delay  
An output delay is missing on led_tri_o[0] relative to clock(s) clk_fpga_0
Related violations: <none>

TIMING-18#17 Warning
Missing input or output delay  
An output delay is missing on led_tri_o[1] relative to clock(s) clk_fpga_0
Related violations: <none>

TIMING-18#18 Warning
Missing input or output delay  
An output delay is missing on led_tri_o[2] relative to clock(s) clk_fpga_0
Related violations: <none>

TIMING-18#19 Warning
Missing input or output delay  
An output delay is missing on led_tri_o[3] relative to clock(s) clk_fpga_0
Related violations: <none>

TIMING-18#20 Warning
Missing input or output delay  
An output delay is missing on led_tri_o[4] relative to clock(s) clk_fpga_0
Related violations: <none>

TIMING-18#21 Warning
Missing input or output delay  
An output delay is missing on led_tri_o[5] relative to clock(s) clk_fpga_0
Related violations: <none>

TIMING-18#22 Warning
Missing input or output delay  
An output delay is missing on led_tri_o[6] relative to clock(s) clk_fpga_0
Related violations: <none>

TIMING-18#23 Warning
Missing input or output delay  
An output delay is missing on led_tri_o[7] relative to clock(s) clk_fpga_0
Related violations: <none>

TIMING-20#1 Warning
Non-clocked latch  
The latch mcu_i/hash_0/inst/h_reg[0]_LDC cannot be properly analyzed as its control pin mcu_i/hash_0/inst/h_reg[0]_LDC/G is not reached by a timing clock
Related violations: <none>

TIMING-20#2 Warning
Non-clocked latch  
The latch mcu_i/hash_0/inst/h_reg[10]_LDC cannot be properly analyzed as its control pin mcu_i/hash_0/inst/h_reg[10]_LDC/G is not reached by a timing clock
Related violations: <none>

TIMING-20#3 Warning
Non-clocked latch  
The latch mcu_i/hash_0/inst/h_reg[11]_LDC cannot be properly analyzed as its control pin mcu_i/hash_0/inst/h_reg[11]_LDC/G is not reached by a timing clock
Related violations: <none>

TIMING-20#4 Warning
Non-clocked latch  
The latch mcu_i/hash_0/inst/h_reg[12]_LDC cannot be properly analyzed as its control pin mcu_i/hash_0/inst/h_reg[12]_LDC/G is not reached by a timing clock
Related violations: <none>

TIMING-20#5 Warning
Non-clocked latch  
The latch mcu_i/hash_0/inst/h_reg[13]_LDC cannot be properly analyzed as its control pin mcu_i/hash_0/inst/h_reg[13]_LDC/G is not reached by a timing clock
Related violations: <none>

TIMING-20#6 Warning
Non-clocked latch  
The latch mcu_i/hash_0/inst/h_reg[14]_LDC cannot be properly analyzed as its control pin mcu_i/hash_0/inst/h_reg[14]_LDC/G is not reached by a timing clock
Related violations: <none>

TIMING-20#7 Warning
Non-clocked latch  
The latch mcu_i/hash_0/inst/h_reg[15]_LDC cannot be properly analyzed as its control pin mcu_i/hash_0/inst/h_reg[15]_LDC/G is not reached by a timing clock
Related violations: <none>

TIMING-20#8 Warning
Non-clocked latch  
The latch mcu_i/hash_0/inst/h_reg[16]_LDC cannot be properly analyzed as its control pin mcu_i/hash_0/inst/h_reg[16]_LDC/G is not reached by a timing clock
Related violations: <none>

TIMING-20#9 Warning
Non-clocked latch  
The latch mcu_i/hash_0/inst/h_reg[17]_LDC cannot be properly analyzed as its control pin mcu_i/hash_0/inst/h_reg[17]_LDC/G is not reached by a timing clock
Related violations: <none>

TIMING-20#10 Warning
Non-clocked latch  
The latch mcu_i/hash_0/inst/h_reg[18]_LDC cannot be properly analyzed as its control pin mcu_i/hash_0/inst/h_reg[18]_LDC/G is not reached by a timing clock
Related violations: <none>

TIMING-20#11 Warning
Non-clocked latch  
The latch mcu_i/hash_0/inst/h_reg[19]_LDC cannot be properly analyzed as its control pin mcu_i/hash_0/inst/h_reg[19]_LDC/G is not reached by a timing clock
Related violations: <none>

TIMING-20#12 Warning
Non-clocked latch  
The latch mcu_i/hash_0/inst/h_reg[1]_LDC cannot be properly analyzed as its control pin mcu_i/hash_0/inst/h_reg[1]_LDC/G is not reached by a timing clock
Related violations: <none>

TIMING-20#13 Warning
Non-clocked latch  
The latch mcu_i/hash_0/inst/h_reg[20]_LDC cannot be properly analyzed as its control pin mcu_i/hash_0/inst/h_reg[20]_LDC/G is not reached by a timing clock
Related violations: <none>

TIMING-20#14 Warning
Non-clocked latch  
The latch mcu_i/hash_0/inst/h_reg[21]_LDC cannot be properly analyzed as its control pin mcu_i/hash_0/inst/h_reg[21]_LDC/G is not reached by a timing clock
Related violations: <none>

TIMING-20#15 Warning
Non-clocked latch  
The latch mcu_i/hash_0/inst/h_reg[22]_LDC cannot be properly analyzed as its control pin mcu_i/hash_0/inst/h_reg[22]_LDC/G is not reached by a timing clock
Related violations: <none>

TIMING-20#16 Warning
Non-clocked latch  
The latch mcu_i/hash_0/inst/h_reg[23]_LDC cannot be properly analyzed as its control pin mcu_i/hash_0/inst/h_reg[23]_LDC/G is not reached by a timing clock
Related violations: <none>

TIMING-20#17 Warning
Non-clocked latch  
The latch mcu_i/hash_0/inst/h_reg[24]_LDC cannot be properly analyzed as its control pin mcu_i/hash_0/inst/h_reg[24]_LDC/G is not reached by a timing clock
Related violations: <none>

TIMING-20#18 Warning
Non-clocked latch  
The latch mcu_i/hash_0/inst/h_reg[25]_LDC cannot be properly analyzed as its control pin mcu_i/hash_0/inst/h_reg[25]_LDC/G is not reached by a timing clock
Related violations: <none>

TIMING-20#19 Warning
Non-clocked latch  
The latch mcu_i/hash_0/inst/h_reg[26]_LDC cannot be properly analyzed as its control pin mcu_i/hash_0/inst/h_reg[26]_LDC/G is not reached by a timing clock
Related violations: <none>

TIMING-20#20 Warning
Non-clocked latch  
The latch mcu_i/hash_0/inst/h_reg[27]_LDC cannot be properly analyzed as its control pin mcu_i/hash_0/inst/h_reg[27]_LDC/G is not reached by a timing clock
Related violations: <none>

TIMING-20#21 Warning
Non-clocked latch  
The latch mcu_i/hash_0/inst/h_reg[28]_LDC cannot be properly analyzed as its control pin mcu_i/hash_0/inst/h_reg[28]_LDC/G is not reached by a timing clock
Related violations: <none>

TIMING-20#22 Warning
Non-clocked latch  
The latch mcu_i/hash_0/inst/h_reg[29]_LDC cannot be properly analyzed as its control pin mcu_i/hash_0/inst/h_reg[29]_LDC/G is not reached by a timing clock
Related violations: <none>

TIMING-20#23 Warning
Non-clocked latch  
The latch mcu_i/hash_0/inst/h_reg[2]_LDC cannot be properly analyzed as its control pin mcu_i/hash_0/inst/h_reg[2]_LDC/G is not reached by a timing clock
Related violations: <none>

TIMING-20#24 Warning
Non-clocked latch  
The latch mcu_i/hash_0/inst/h_reg[30]_LDC cannot be properly analyzed as its control pin mcu_i/hash_0/inst/h_reg[30]_LDC/G is not reached by a timing clock
Related violations: <none>

TIMING-20#25 Warning
Non-clocked latch  
The latch mcu_i/hash_0/inst/h_reg[31]_LDC cannot be properly analyzed as its control pin mcu_i/hash_0/inst/h_reg[31]_LDC/G is not reached by a timing clock
Related violations: <none>

TIMING-20#26 Warning
Non-clocked latch  
The latch mcu_i/hash_0/inst/h_reg[3]_LDC cannot be properly analyzed as its control pin mcu_i/hash_0/inst/h_reg[3]_LDC/G is not reached by a timing clock
Related violations: <none>

TIMING-20#27 Warning
Non-clocked latch  
The latch mcu_i/hash_0/inst/h_reg[4]_LDC cannot be properly analyzed as its control pin mcu_i/hash_0/inst/h_reg[4]_LDC/G is not reached by a timing clock
Related violations: <none>

TIMING-20#28 Warning
Non-clocked latch  
The latch mcu_i/hash_0/inst/h_reg[5]_LDC cannot be properly analyzed as its control pin mcu_i/hash_0/inst/h_reg[5]_LDC/G is not reached by a timing clock
Related violations: <none>

TIMING-20#29 Warning
Non-clocked latch  
The latch mcu_i/hash_0/inst/h_reg[6]_LDC cannot be properly analyzed as its control pin mcu_i/hash_0/inst/h_reg[6]_LDC/G is not reached by a timing clock
Related violations: <none>

TIMING-20#30 Warning
Non-clocked latch  
The latch mcu_i/hash_0/inst/h_reg[7]_LDC cannot be properly analyzed as its control pin mcu_i/hash_0/inst/h_reg[7]_LDC/G is not reached by a timing clock
Related violations: <none>

TIMING-20#31 Warning
Non-clocked latch  
The latch mcu_i/hash_0/inst/h_reg[8]_LDC cannot be properly analyzed as its control pin mcu_i/hash_0/inst/h_reg[8]_LDC/G is not reached by a timing clock
Related violations: <none>

TIMING-20#32 Warning
Non-clocked latch  
The latch mcu_i/hash_0/inst/h_reg[9]_LDC cannot be properly analyzed as its control pin mcu_i/hash_0/inst/h_reg[9]_LDC/G is not reached by a timing clock
Related violations: <none>


